// Jest Snapshot v1, https://goo.gl/fbAQLP

exports[`Test <MyDropzone /> should render 1`] = `
<div
  className="dropzone dropzone--inactive"
  onBlur={[Function]}
  onClick={[Function]}
  onDragEnter={[Function]}
  onDragLeave={[Function]}
  onDragOver={[Function]}
  onDrop={[Function]}
  onFocus={[Function]}
  onKeyDown={[Function]}
  tabIndex={0}
>
  <input
    autoComplete="off"
    multiple={true}
    onChange={[Function]}
    onClick={[Function]}
    style={
      Object {
        "display": "none",
      }
    }
    tabIndex={-1}
    type="file"
  />
  <img
    alt="upload"
    className="dropzone__img"
    src="upload.svg"
  />
  <p
    className="dropzone--inactive__p"
  >
    Drag 'n' drop some files here, or click to select files
  </p>
</div>
`;
